int main() {
    if (a)
        a + --b;
    else if (b) {
        k + 3;
    }
}
