int main() {
    if (1)
        if (2)
            if (3)
                a = 1;
            else if (4)
                a = 5;
            else
                a = 2;
        else
            a = 3;
    else
        a = 4;
    while (1)
        while (2)
            while (3)
                ;
    return;
}
