Error type 3 at Line 3: Redefined variable: a.
Error type 3 at Line 3: Redefined variable: b.
Error type 3 at Line 3: Redefined variable: c.